   ********************************************
   ***                                      ***
   ***             FoldX 4 (c)              ***
   ***                                      ***
   ***     code by the FoldX Consortium     ***
   ***                                      ***
   ***     Jesper Borg, Frederic Rousseau   ***
   ***    Joost Schymkowitz, Luis Serrano   ***
   ***    Peter Vanhee, Erik Verschueren    ***
   ***     Lies Baeten, Javier Delgado      ***
   ***       and Francois Stricher          ***
   *** and any other of the 9! permutations ***
   ***   based on an original concept by    ***
   ***   Raphael Guerois and Luis Serrano   ***
   ********************************************

1 models read: wt_input_Repair.pdb

BackHbond       =               -173.96
SideHbond       =               -73.96
Energy_VdW      =               -257.71
Electro         =               -11.39
Energy_SolvP    =               320.98
Energy_SolvH    =               -344.33
Energy_vdwclash =               7.50
energy_torsion  =               3.66
backbone_vdwclash=              59.58
Entropy_sidec   =               141.93
Entropy_mainc   =               328.83
water bonds     =               0.00
helix dipole    =               0.00
loop_entropy    =               0.00
cis_bond        =               2.25
disulfide       =               0.00
kn electrostatic=               0.00
partial covalent interactions = 0.00
Energy_Ionisation =             0.59
Entropy Complex =               0.00
-----------------------------------------------------------
Total          = 				  -55.61

Starting BuildModel
Reading VA7V;
Residue to Mutate VALA7 has residue index 0
Mutating residue = VALA7 into VAL
Your file run OK
End time of FoldX: Sat Dec 31 14:01:31 2022
Total time spend: 1.40 seconds.
validated file "wt_input_Repair_1.pdb" => successfully finished
Cleaning BuildModel...DONE
