   ********************************************
   ***                                      ***
   ***             FoldX 4 (c)              ***
   ***                                      ***
   ***     code by the FoldX Consortium     ***
   ***                                      ***
   ***     Jesper Borg, Frederic Rousseau   ***
   ***    Joost Schymkowitz, Luis Serrano   ***
   ***    Peter Vanhee, Erik Verschueren    ***
   ***     Lies Baeten, Javier Delgado      ***
   ***       and Francois Stricher          ***
   *** and any other of the 9! permutations ***
   ***   based on an original concept by    ***
   ***   Raphael Guerois and Luis Serrano   ***
   ********************************************

1 models read: wt_input_Repair.pdb

BackHbond       =               -177.10
SideHbond       =               -68.31
Energy_VdW      =               -258.90
Electro         =               -12.53
Energy_SolvP    =               348.32
Energy_SolvH    =               -341.34
Energy_vdwclash =               7.92
energy_torsion  =               4.69
backbone_vdwclash=              59.16
Entropy_sidec   =               139.87
Entropy_mainc   =               328.39
water bonds     =               0.00
helix dipole    =               0.00
loop_entropy    =               0.00
cis_bond        =               2.25
disulfide       =               0.00
kn electrostatic=               0.00
partial covalent interactions = -45.56
Energy_Ionisation =             0.84
Entropy Complex =               0.00
-----------------------------------------------------------
Total          = 				  -71.47

Starting BuildModel
Reading TA4T;
Residue to Mutate THRA4 has residue index 0
Mutating residue = THRA4 into THR
Your file run OK
End time of FoldX: Sat Dec 31 14:00:33 2022
Total time spend: 1.77 seconds.
validated file "wt_input_Repair_1.pdb" => successfully finished
Cleaning BuildModel...DONE
