   ********************************************
   ***                                      ***
   ***             FoldX 4 (c)              ***
   ***                                      ***
   ***     code by the FoldX Consortium     ***
   ***                                      ***
   ***     Jesper Borg, Frederic Rousseau   ***
   ***    Joost Schymkowitz, Luis Serrano   ***
   ***    Peter Vanhee, Erik Verschueren    ***
   ***     Lies Baeten, Javier Delgado      ***
   ***       and Francois Stricher          ***
   *** and any other of the 9! permutations ***
   ***   based on an original concept by    ***
   ***   Raphael Guerois and Luis Serrano   ***
   ********************************************

1 models read: wt_input_Repair.pdb

BackHbond       =               -174.75
SideHbond       =               -82.11
Energy_VdW      =               -264.23
Electro         =               -11.54
Energy_SolvP    =               336.84
Energy_SolvH    =               -344.66
Energy_vdwclash =               7.33
energy_torsion  =               4.40
backbone_vdwclash=              59.68
Entropy_sidec   =               142.86
Entropy_mainc   =               342.38
water bonds     =               0.00
helix dipole    =               0.00
loop_entropy    =               0.00
cis_bond        =               2.25
disulfide       =               0.00
kn electrostatic=               0.00
partial covalent interactions = 0.00
Energy_Ionisation =             1.41
Entropy Complex =               0.00
-----------------------------------------------------------
Total          = 				  -39.81

Starting BuildModel
Reading LA3L;
Residue to Mutate LEUA3 has residue index 0
Mutating residue = LEUA3 into LEU
Your file run OK
End time of FoldX: Sat Dec 31 14:01:26 2022
Total time spend: 1.94 seconds.
validated file "wt_input_Repair_1.pdb" => successfully finished
Cleaning BuildModel...DONE
