   ********************************************
   ***                                      ***
   ***             FoldX 4 (c)              ***
   ***                                      ***
   ***     code by the FoldX Consortium     ***
   ***                                      ***
   ***     Jesper Borg, Frederic Rousseau   ***
   ***    Joost Schymkowitz, Luis Serrano   ***
   ***    Peter Vanhee, Erik Verschueren    ***
   ***     Lies Baeten, Javier Delgado      ***
   ***       and Francois Stricher          ***
   *** and any other of the 9! permutations ***
   ***   based on an original concept by    ***
   ***   Raphael Guerois and Luis Serrano   ***
   ********************************************

1 models read: wt_input_Repair.pdb

BackHbond       =               -174.33
SideHbond       =               -75.34
Energy_VdW      =               -257.52
Electro         =               -12.19
Energy_SolvP    =               325.66
Energy_SolvH    =               -339.42
Energy_vdwclash =               5.30
energy_torsion  =               2.80
backbone_vdwclash=              54.45
Entropy_sidec   =               138.23
Entropy_mainc   =               322.00
water bonds     =               0.00
helix dipole    =               0.00
loop_entropy    =               0.00
cis_bond        =               2.25
disulfide       =               0.00
kn electrostatic=               0.00
partial covalent interactions = 0.00
Energy_Ionisation =             0.67
Entropy Complex =               0.00
-----------------------------------------------------------
Total          = 				  -61.88

Starting BuildModel
Reading AA7A;
Residue to Mutate ALAA7 has residue index 0
Mutating residue = ALAA7 into ALA
Your file run OK
End time of FoldX: Sat Dec 31 14:00:44 2022
Total time spend: 1.22 seconds.
validated file "wt_input_Repair_1.pdb" => successfully finished
Cleaning BuildModel...DONE
