   ********************************************
   ***                                      ***
   ***             FoldX 4 (c)              ***
   ***                                      ***
   ***     code by the FoldX Consortium     ***
   ***                                      ***
   ***     Jesper Borg, Frederic Rousseau   ***
   ***    Joost Schymkowitz, Luis Serrano   ***
   ***    Peter Vanhee, Erik Verschueren    ***
   ***     Lies Baeten, Javier Delgado      ***
   ***       and Francois Stricher          ***
   *** and any other of the 9! permutations ***
   ***   based on an original concept by    ***
   ***   Raphael Guerois and Luis Serrano   ***
   ********************************************

1 models read: wt_input_Repair.pdb

BackHbond       =               -178.41
SideHbond       =               -76.41
Energy_VdW      =               -267.04
Electro         =               -12.51
Energy_SolvP    =               352.93
Energy_SolvH    =               -350.23
Energy_vdwclash =               6.25
energy_torsion  =               7.29
backbone_vdwclash=              64.95
Entropy_sidec   =               146.12
Entropy_mainc   =               340.55
water bonds     =               0.00
helix dipole    =               0.00
loop_entropy    =               0.00
cis_bond        =               2.25
disulfide       =               0.00
kn electrostatic=               0.00
partial covalent interactions = 0.00
Energy_Ionisation =             1.24
Entropy Complex =               0.00
-----------------------------------------------------------
Total          = 				  -27.96

Starting BuildModel
Reading EA1E;
Residue to Mutate GLUA1 has residue index 0
Mutating residue = GLUA1 into GLU
Your file run OK
End time of FoldX: Sat Dec 31 14:00:42 2022
Total time spend: 3.61 seconds.
validated file "wt_input_Repair_1.pdb" => successfully finished
Cleaning BuildModel...DONE
