   ********************************************
   ***                                      ***
   ***             FoldX 4 (c)              ***
   ***                                      ***
   ***     code by the FoldX Consortium     ***
   ***                                      ***
   ***     Jesper Borg, Frederic Rousseau   ***
   ***    Joost Schymkowitz, Luis Serrano   ***
   ***    Peter Vanhee, Erik Verschueren    ***
   ***     Lies Baeten, Javier Delgado      ***
   ***       and Francois Stricher          ***
   *** and any other of the 9! permutations ***
   ***   based on an original concept by    ***
   ***   Raphael Guerois and Luis Serrano   ***
   ********************************************

1 models read: wt_input_Repair.pdb

BackHbond       =               -152.05
SideHbond       =               -62.39
Energy_VdW      =               -259.70
Electro         =               -13.35
Energy_SolvP    =               337.94
Energy_SolvH    =               -340.88
Energy_vdwclash =               22.51
energy_torsion  =               7.53
backbone_vdwclash=              77.47
Entropy_sidec   =               136.34
Entropy_mainc   =               350.47
water bonds     =               0.00
helix dipole    =               0.00
loop_entropy    =               0.00
cis_bond        =               2.25
disulfide       =               0.00
kn electrostatic=               0.00
partial covalent interactions = 0.00
Energy_Ionisation =             1.03
Entropy Complex =               0.00
-----------------------------------------------------------
Total          = 				  29.70

Starting BuildModel
Reading MA1M;
Residue to Mutate META1 has residue index 0
Mutating residue = META1 into MET
Your file run OK
End time of FoldX: Sat Dec 31 14:00:38 2022
Total time spend: 1.58 seconds.
validated file "wt_input_Repair_1.pdb" => successfully finished
Cleaning BuildModel...DONE
